WARNING: All log messages before absl::InitializeLog() is called are written to STDERR
I0000 00:00:1785864840.496420   46288 port.cc:153] oneDNN custom operations are on. You may see slightly different numerical results due to floating-point round-off errors from different computation orders. To turn them off, set the environment variable `TF_ENABLE_ONEDNN_OPTS=0`.
WARNING: All log messages before absl::InitializeLog() is called are written to STDERR
I0000 00:00:1785864842.410242   46288 port.cc:153] oneDNN custom operations are on. You may see slightly different numerical results due to floating-point round-off errors from different computation orders. To turn them off, set the environment variable `TF_ENABLE_ONEDNN_OPTS=0`.
WARNING:tensorflow:TensorFlow GPU support is not available on native Windows for TensorFlow >= 2.11. Even if CUDA/cuDNN are installed, GPU will not be used. Please use WSL2 or the TensorFlow-DirectML plugin.
2026/08/04 20:53:07 WARNING mlflow.models.model: `artifact_path` is deprecated. Please use `name` instead.
WARNING:tensorflow:From C:\Users\test\Desktop\eurusdprophet\.venv\Lib\site-packages\skops\io\_utils.py:25: The name tf.betainc is deprecated. Please use tf.math.betainc instead.

WARNING:tensorflow:From C:\Users\test\Desktop\eurusdprophet\.venv\Lib\site-packages\skops\io\_utils.py:25: The name tf.betainc is deprecated. Please use tf.math.betainc instead.

WARNING:tensorflow:From C:\Users\test\Desktop\eurusdprophet\.venv\Lib\site-packages\skops\io\_utils.py:25: The name tf.betainc is deprecated. Please use tf.math.betainc instead.

2026/08/04 20:53:30 WARNING mlflow.models.model: `artifact_path` is deprecated. Please use `name` instead.
XGBoost GPU (CUDA): available — tree training will run on RTX 4070.
=== 1. Loading historical OHLCV ===
Loaded 15,715 bars (1971-01-11 -> 2026-06-18)

=== 1B. Macro Feature Ingestion (FRED: yield / USD index / policy-rate / inflation differentials) ===
Merged macro features (per-feed source): {'yield_differential': 'FRED_api', 'usd_index': 'FRED_api', 'policy_rate_differential': 'FRED_api', 'inflation_differential': 'FRED_api', 'vix': 'FRED_api'}
Macro span: 1971-01-11 -> 2026-08-03  (17,472 observations, ['yield_differential', 'usd_index', 'policy_rate_differential', 'inflation_differential', 'vix'])

=== 2. Feature Engineering (Multi-Task targets, target_return in PERCENT) ===
Shape (shared row set for all variants): (8560, 33)
n=8560  LSTM-train [0:5992]  LSTM-val [5992:6848]  TEST [6848:8560]   (GBM-train = [0:6848])
TensorFlow: no GPU on native Windows (TF >=2.11 requires WSL2 for CUDA). Training on CPU.

##############################################################################
# VARIANT: baseline  (23 feature columns)
##############################################################################

=== [baseline] 3. PCA on Lag Features ===
Lag columns in: 6  ->  PCA components out: 6
Cumulative variance explained: 1.0000
Model input columns (23): ['open', 'high', 'low', 'close', 'log_return', 'SMA_21', 'SMA_50', 'SMA_100', 'SMA_200', 'volatility_20', 'bar_dynamics', 'day_sin', 'day_cos', 'month_sin', 'month_cos', 'ATR_14', 'BB_width', 'lag_pca_1', 'lag_pca_2', 'lag_pca_3', 'lag_pca_4', 'lag_pca_5', 'lag_pca_6']
Global scaler fit on [0:6848] (80%); transformed full matrix (8560, 23).

=== [baseline] 4. GBM Dual Pipeline: Chronological Split & Global Scaling ===
=== [baseline] 5. GBM Hyperparameter Tuning ===
--- Classification head (target_direction) [device=cuda] ---
Best params: {'learning_rate': 0.01, 'max_depth': 3, 'n_estimators': 100, 'subsample': 1.0}  CV ROC-AUC: 0.5301
--- Regression head (target_return [percent], pseudo-Huber) [device=cuda] ---
Best params: {'learning_rate': 0.01, 'max_depth': 3, 'n_estimators': 100, 'subsample': 0.5}  CV MAE: 0.387091 (percent)

=== [baseline] 6. GBM Evaluation (held-out test) ===
[Direction] Accuracy=0.5093  ROC-AUC=0.5220
[Return]    MSE=0.183911  MAE=0.302983  (percent units)

=== [baseline] Backtest: GBM direction signal vs realistic transaction costs ===
        scenario  cost_pips  n_days  n_trades  hit_rate  gross_return_pct_total  net_return_pct_total  gross_return_pct_per_trade  net_return_pct_per_trade
gross (no costs)        0.0    1712       495  0.509346                9.135464              9.135464                    0.018455                  0.018455
    1 pip spread        1.0    1712       495  0.509346                9.135464              4.635464                    0.018455                  0.009365
    2 pip spread        2.0    1712       495  0.509346                9.135464              0.135464                    0.018455                  0.000274
Saved: results/backtest_transaction_costs_baseline.csv
[Direction:TRAIN] Accuracy=0.5796  ROC-AUC=0.6157  (train-test ROC-AUC gap=+0.0937)
[mlflow] skipped logging 'gbm_direction_classifier': The saved sklearn model references untrusted types. If you are sure loading these types is safe, set the 'skops_trusted_types' parameter when calling 'log_model' or 'save_model' to the list of trusted types. Root error: Untrusted types found in the file: ['xgboost.core.Booster', 'xgboost.sklearn.XGBClassifier'].
[mlflow] skipped logging 'gbm_return_regressor': The saved sklearn model references untrusted types. If you are sure loading these types is safe, set the 'skops_trusted_types' parameter when calling 'log_model' or 'save_model' to the list of trusted types. Root error: Untrusted types found in the file: ['xgboost.core.Booster', 'xgboost.sklearn.XGBRegressor'].
MLflow run logged: run_id=9985d2640fdb49b58df682e9af6af488

=== [baseline] 7. Persisting GBM + PCA + global scaler artifacts ===
Saved under models\baseline/: lag_scaler.pkl, lag_pca.pkl, global_scaler.pkl, best_gbm_eurusd.pkl, best_gbm_regressor_eurusd.pkl
Saved: results/gbm_feature_importance_baseline.csv
      feature  importance_direction_classifier  importance_return_regressor
     BB_width                         0.082411                     0.041980
      day_sin                         0.077472                     0.040486
 bar_dynamics                         0.063076                     0.043699
    lag_pca_4                         0.056094                     0.041065
   log_return                         0.051549                     0.040977
    lag_pca_3                         0.051132                     0.047807
    lag_pca_5                         0.050763                     0.041629
volatility_20                         0.048718                     0.041106
       SMA_21                         0.046983                     0.050997
      SMA_200                         0.045983                     0.049928
    month_sin                         0.043920                     0.032423
       SMA_50                         0.042826                     0.047893
        close                         0.042382                     0.044149
    month_cos                         0.041958                     0.035186
    lag_pca_2                         0.038865                     0.037092
      SMA_100                         0.037920                     0.045500
      day_cos                         0.037681                     0.035930
         open                         0.036918                     0.050437
    lag_pca_6                         0.035733                     0.047479
         high                         0.034874                     0.039348
    lag_pca_1                         0.032742                     0.040212
          low                         0.000000                     0.051899
       ATR_14                         0.000000                     0.052777

=== [baseline] 8. Multi-Task LSTM: Sliding-Window Data Preparation ===
Train seq: (5972, 20, 23)  Val seq: (836, 20, 23)  Test seq: (1692, 20, 23)

=== [baseline] 9. Multi-Task LSTM Model Construction (Functional API) ===
Model: "multitask_lstm_eurusd_baseline"
┌─────────────────────┬───────────────────┬────────────┬───────────────────┐
│ Layer (type)        │ Output Shape      │    Param # │ Connected to      │
├─────────────────────┼───────────────────┼────────────┼───────────────────┤
│ ohlcv_window        │ (None, 20, 23)    │          0 │ -                 │
│ (InputLayer)        │                   │            │                   │
├─────────────────────┼───────────────────┼────────────┼───────────────────┤
│ shared_lstm_trunk   │ (None, 64)        │     22,528 │ ohlcv_window[0][… │
│ (LSTM)              │                   │            │                   │
├─────────────────────┼───────────────────┼────────────┼───────────────────┤
│ shared_dropout      │ (None, 64)        │          0 │ shared_lstm_trun… │
│ (Dropout)           │                   │            │                   │
├─────────────────────┼───────────────────┼────────────┼───────────────────┤
│ return_output       │ (None, 1)         │         65 │ shared_dropout[0… │
│ (Dense)             │                   │            │                   │
├─────────────────────┼───────────────────┼────────────┼───────────────────┤
│ direction_output    │ (None, 1)         │         65 │ shared_dropout[0… │
│ (Dense)             │                   │            │                   │
└─────────────────────┴───────────────────┴────────────┴───────────────────┘
 Total params: 22,658 (88.51 KB)
 Trainable params: 22,658 (88.51 KB)
 Non-trainable params: 0 (0.00 B)

=== [baseline] 10. Training (early-stopping on the 70-80% validation block) ===
Epoch 1/100
94/94 - 5s - 55ms/step - direction_output_accuracy: 0.4975 - direction_output_loss: 0.7028 - loss: 1.0909 - return_output_loss: 0.3863 - return_output_mae: 0.4600 - val_direction_output_accuracy: 0.4821 - val_direction_output_loss: 0.7015 - val_loss: 0.8436 - val_return_output_loss: 0.1410 - val_return_output_mae: 0.2753
Epoch 2/100
94/94 - 2s - 21ms/step - direction_output_accuracy: 0.5231 - direction_output_loss: 0.6935 - loss: 1.0455 - return_output_loss: 0.3512 - return_output_mae: 0.4342 - val_direction_output_accuracy: 0.4713 - val_direction_output_loss: 0.7033 - val_loss: 0.8454 - val_return_output_loss: 0.1409 - val_return_output_mae: 0.2749
Epoch 3/100
94/94 - 1s - 15ms/step - direction_output_accuracy: 0.5166 - direction_output_loss: 0.6931 - loss: 1.0377 - return_output_loss: 0.3433 - return_output_mae: 0.4286 - val_direction_output_accuracy: 0.4833 - val_direction_output_loss: 0.7010 - val_loss: 0.8451 - val_return_output_loss: 0.1407 - val_return_output_mae: 0.2737
Epoch 4/100
94/94 - 1s - 15ms/step - direction_output_accuracy: 0.5296 - direction_output_loss: 0.6895 - loss: 1.0295 - return_output_loss: 0.3391 - return_output_mae: 0.4238 - val_direction_output_accuracy: 0.4833 - val_direction_output_loss: 0.7002 - val_loss: 0.8445 - val_return_output_loss: 0.1410 - val_return_output_mae: 0.2736
Epoch 5/100
94/94 - 1s - 14ms/step - direction_output_accuracy: 0.5276 - direction_output_loss: 0.6898 - loss: 1.0280 - return_output_loss: 0.3370 - return_output_mae: 0.4220 - val_direction_output_accuracy: 0.4761 - val_direction_output_loss: 0.7005 - val_loss: 0.8449 - val_return_output_loss: 0.1413 - val_return_output_mae: 0.2734
Epoch 6/100
94/94 - 1s - 15ms/step - direction_output_accuracy: 0.5335 - direction_output_loss: 0.6889 - loss: 1.0212 - return_output_loss: 0.3312 - return_output_mae: 0.4203 - val_direction_output_accuracy: 0.4641 - val_direction_output_loss: 0.6994 - val_loss: 0.8442 - val_return_output_loss: 0.1412 - val_return_output_mae: 0.2725
Epoch 7/100
94/94 - 1s - 14ms/step - direction_output_accuracy: 0.5383 - direction_output_loss: 0.6885 - loss: 1.0196 - return_output_loss: 0.3302 - return_output_mae: 0.4171 - val_direction_output_accuracy: 0.4665 - val_direction_output_loss: 0.6991 - val_loss: 0.8441 - val_return_output_loss: 0.1408 - val_return_output_mae: 0.2721
Epoch 8/100
94/94 - 1s - 15ms/step - direction_output_accuracy: 0.5432 - direction_output_loss: 0.6871 - loss: 1.0160 - return_output_loss: 0.3277 - return_output_mae: 0.4166 - val_direction_output_accuracy: 0.4617 - val_direction_output_loss: 0.6996 - val_loss: 0.8449 - val_return_output_loss: 0.1411 - val_return_output_mae: 0.2735
Epoch 9/100
94/94 - 1s - 14ms/step - direction_output_accuracy: 0.5479 - direction_output_loss: 0.6851 - loss: 1.0124 - return_output_loss: 0.3260 - return_output_mae: 0.4145 - val_direction_output_accuracy: 0.4653 - val_direction_output_loss: 0.6996 - val_loss: 0.8452 - val_return_output_loss: 0.1407 - val_return_output_mae: 0.2726
Epoch 10/100
94/94 - 3s - 28ms/step - direction_output_accuracy: 0.5397 - direction_output_loss: 0.6858 - loss: 1.0129 - return_output_loss: 0.3258 - return_output_mae: 0.4148 - val_direction_output_accuracy: 0.4581 - val_direction_output_loss: 0.7005 - val_loss: 0.8464 - val_return_output_loss: 0.1413 - val_return_output_mae: 0.2733
Epoch 11/100
94/94 - 3s - 27ms/step - direction_output_accuracy: 0.5524 - direction_output_loss: 0.6837 - loss: 1.0082 - return_output_loss: 0.3231 - return_output_mae: 0.4132 - val_direction_output_accuracy: 0.4533 - val_direction_output_loss: 0.6998 - val_loss: 0.8458 - val_return_output_loss: 0.1415 - val_return_output_mae: 0.2731
Epoch 11: early stopping
Restoring model weights from the end of the best epoch: 1.
2026/08/04 20:53:54 WARNING mlflow.models.model: `artifact_path` is deprecated. Please use `name` instead.
2026/08/04 20:53:54 WARNING mlflow.keras.save: You are saving a Keras model without specifying model signature.
2026/08/04 21:09:30 WARNING mlflow.models.model: `artifact_path` is deprecated. Please use `name` instead.
2026/08/04 21:09:31 WARNING mlflow.models.model: `artifact_path` is deprecated. Please use `name` instead.
Stopped after 11 epochs.

=== [baseline] 11. Evaluation (held-out test) ===
[Return]    MSE=0.189425  MAE=0.309155  (percent units, comparable to GBM)
[Direction] Accuracy=0.5148  ROC-AUC=0.5195
[Multi-task check] Return-sign vs direction-head agreement: 0.4710 (weak -- shared trunk may not be justified)
[Direction:TRAIN] Accuracy=0.5201  ROC-AUC=0.5391  (train-test ROC-AUC gap=+0.0197)
MLflow run logged: run_id=22be776634ab4dec90354ea21d94cb15

=== [baseline] 12. Persisting LSTM artifacts ===
Saved under models\baseline/: lstm_multitask_eurusd.keras, lstm_time_steps.pkl

##############################################################################
# VARIANT: with_macro  (27 feature columns)
##############################################################################

=== [with_macro] 3. PCA on Lag Features ===
Lag columns in: 6  ->  PCA components out: 6
Cumulative variance explained: 1.0000
Model input columns (27): ['open', 'high', 'low', 'close', 'log_return', 'SMA_21', 'SMA_50', 'SMA_100', 'SMA_200', 'volatility_20', 'bar_dynamics', 'day_sin', 'day_cos', 'month_sin', 'month_cos', 'ATR_14', 'BB_width', 'yield_differential_delta', 'usd_index_return', 'policy_rate_differential', 'inflation_differential', 'lag_pca_1', 'lag_pca_2', 'lag_pca_3', 'lag_pca_4', 'lag_pca_5', 'lag_pca_6']
Global scaler fit on [0:6848] (80%); transformed full matrix (8560, 27).

=== [with_macro] 4. GBM Dual Pipeline: Chronological Split & Global Scaling ===
=== [with_macro] 5. GBM Hyperparameter Tuning ===
--- Classification head (target_direction) [device=cuda] ---
Best params: {'learning_rate': 0.01, 'max_depth': 3, 'n_estimators': 100, 'subsample': 1.0}  CV ROC-AUC: 0.5310
--- Regression head (target_return [percent], pseudo-Huber) [device=cuda] ---
Best params: {'learning_rate': 0.01, 'max_depth': 3, 'n_estimators': 100, 'subsample': 0.5}  CV MAE: 0.386311 (percent)

=== [with_macro] 6. GBM Evaluation (held-out test) ===
[Direction] Accuracy=0.5035  ROC-AUC=0.5208
[Return]    MSE=0.183892  MAE=0.302926  (percent units)

=== [with_macro] Backtest: GBM direction signal vs realistic transaction costs ===
        scenario  cost_pips  n_days  n_trades  hit_rate  gross_return_pct_total  net_return_pct_total  gross_return_pct_per_trade  net_return_pct_per_trade
gross (no costs)        0.0    1712       371  0.503505               14.434698             14.434698                    0.038908                  0.038908
    1 pip spread        1.0    1712       371  0.503505               14.434698             11.061971                    0.038908                  0.029817
    2 pip spread        2.0    1712       371  0.503505               14.434698              7.689243                    0.038908                  0.020726
Saved: results/backtest_transaction_costs_with_macro.csv
[Direction:TRAIN] Accuracy=0.5897  ROC-AUC=0.6166  (train-test ROC-AUC gap=+0.0958)
[mlflow] skipped logging 'gbm_direction_classifier': The saved sklearn model references untrusted types. If you are sure loading these types is safe, set the 'skops_trusted_types' parameter when calling 'log_model' or 'save_model' to the list of trusted types. Root error: Untrusted types found in the file: ['xgboost.core.Booster', 'xgboost.sklearn.XGBClassifier'].
[mlflow] skipped logging 'gbm_return_regressor': The saved sklearn model references untrusted types. If you are sure loading these types is safe, set the 'skops_trusted_types' parameter when calling 'log_model' or 'save_model' to the list of trusted types. Root error: Untrusted types found in the file: ['xgboost.core.Booster', 'xgboost.sklearn.XGBRegressor'].
MLflow run logged: run_id=7739c724eba442f1b92b9e8355b30f75

=== [with_macro] 7. Persisting GBM + PCA + global scaler artifacts ===
Saved under models\with_macro/: lag_scaler.pkl, lag_pca.pkl, global_scaler.pkl, best_gbm_eurusd.pkl, best_gbm_regressor_eurusd.pkl
Saved: results/gbm_feature_importance_with_macro.csv
                 feature  importance_direction_classifier  importance_return_regressor
                BB_width                         0.067389                     0.033524
                 day_sin                         0.064227                     0.038633
        usd_index_return                         0.059794                     0.032312
            bar_dynamics                         0.051338                     0.038141
               lag_pca_4                         0.045212                     0.035424
                  ATR_14                         0.043570                     0.040204
  inflation_differential                         0.043478                     0.033245
              log_return                         0.042073                     0.038864
               lag_pca_3                         0.041336                     0.039078
               lag_pca_5                         0.041047                     0.037956
                   close                         0.039823                     0.038233
yield_differential_delta                         0.039255                     0.037409
                    open                         0.037420                     0.038171
               lag_pca_2                         0.036130                     0.031792
policy_rate_differential                         0.035609                     0.037140
               lag_pca_1                         0.033649                     0.035840
               month_cos                         0.033521                     0.033698
                 SMA_100                         0.032797                     0.038549
               month_sin                         0.032328                     0.026741
           volatility_20                         0.031999                     0.035456
               lag_pca_6                         0.031784                     0.037285
                 day_cos                         0.030377                     0.035990
                    high                         0.028958                     0.027801
                  SMA_50                         0.028591                     0.039300
                 SMA_200                         0.028297                     0.042876
                  SMA_21                         0.000000                     0.040387
                     low                         0.000000                     0.055953

=== [with_macro] 8. Multi-Task LSTM: Sliding-Window Data Preparation ===
Train seq: (5972, 20, 27)  Val seq: (836, 20, 27)  Test seq: (1692, 20, 27)

=== [with_macro] 9. Multi-Task LSTM Model Construction (Functional API) ===
Model: "multitask_lstm_eurusd_with_macro"
┌─────────────────────┬───────────────────┬────────────┬───────────────────┐
│ Layer (type)        │ Output Shape      │    Param # │ Connected to      │
├─────────────────────┼───────────────────┼────────────┼───────────────────┤
│ ohlcv_window        │ (None, 20, 27)    │          0 │ -                 │
│ (InputLayer)        │                   │            │                   │
├─────────────────────┼───────────────────┼────────────┼───────────────────┤
│ shared_lstm_trunk   │ (None, 64)        │     23,552 │ ohlcv_window[0][… │
│ (LSTM)              │                   │            │                   │
├─────────────────────┼───────────────────┼────────────┼───────────────────┤
│ shared_dropout      │ (None, 64)        │          0 │ shared_lstm_trun… │
│ (Dropout)           │                   │            │                   │
├─────────────────────┼───────────────────┼────────────┼───────────────────┤
│ return_output       │ (None, 1)         │         65 │ shared_dropout[0… │
│ (Dense)             │                   │            │                   │
├─────────────────────┼───────────────────┼────────────┼───────────────────┤
│ direction_output    │ (None, 1)         │         65 │ shared_dropout[0… │
│ (Dense)             │                   │            │                   │
└─────────────────────┴───────────────────┴────────────┴───────────────────┘
 Total params: 23,682 (92.51 KB)
 Trainable params: 23,682 (92.51 KB)
 Non-trainable params: 0 (0.00 B)

=== [with_macro] 10. Training (early-stopping on the 70-80% validation block) ===
Epoch 1/100
94/94 - 6s - 61ms/step - direction_output_accuracy: 0.5094 - direction_output_loss: 0.7019 - loss: 1.0668 - return_output_loss: 0.3646 - return_output_mae: 0.4459 - val_direction_output_accuracy: 0.4809 - val_direction_output_loss: 0.7032 - val_loss: 0.8439 - val_return_output_loss: 0.1394 - val_return_output_mae: 0.2715
Epoch 2/100
94/94 - 2s - 21ms/step - direction_output_accuracy: 0.5156 - direction_output_loss: 0.6949 - loss: 1.0416 - return_output_loss: 0.3459 - return_output_mae: 0.4301 - val_direction_output_accuracy: 0.4868 - val_direction_output_loss: 0.7015 - val_loss: 0.8402 - val_return_output_loss: 0.1405 - val_return_output_mae: 0.2710
Epoch 3/100
94/94 - 3s - 29ms/step - direction_output_accuracy: 0.5219 - direction_output_loss: 0.6920 - loss: 1.0301 - return_output_loss: 0.3374 - return_output_mae: 0.4235 - val_direction_output_accuracy: 0.4844 - val_direction_output_loss: 0.7033 - val_loss: 0.8419 - val_return_output_loss: 0.1395 - val_return_output_mae: 0.2705
Epoch 4/100
94/94 - 2s - 26ms/step - direction_output_accuracy: 0.5332 - direction_output_loss: 0.6890 - loss: 1.0242 - return_output_loss: 0.3341 - return_output_mae: 0.4202 - val_direction_output_accuracy: 0.4856 - val_direction_output_loss: 0.7015 - val_loss: 0.8410 - val_return_output_loss: 0.1408 - val_return_output_mae: 0.2710
Epoch 5/100
94/94 - 2s - 22ms/step - direction_output_accuracy: 0.5353 - direction_output_loss: 0.6885 - loss: 1.0189 - return_output_loss: 0.3295 - return_output_mae: 0.4182 - val_direction_output_accuracy: 0.4797 - val_direction_output_loss: 0.7043 - val_loss: 0.8440 - val_return_output_loss: 0.1413 - val_return_output_mae: 0.2718
Epoch 6/100
94/94 - 2s - 26ms/step - direction_output_accuracy: 0.5439 - direction_output_loss: 0.6875 - loss: 1.0159 - return_output_loss: 0.3270 - return_output_mae: 0.4157 - val_direction_output_accuracy: 0.4892 - val_direction_output_loss: 0.7012 - val_loss: 0.8417 - val_return_output_loss: 0.1402 - val_return_output_mae: 0.2722
Epoch 7/100
94/94 - 3s - 30ms/step - direction_output_accuracy: 0.5459 - direction_output_loss: 0.6844 - loss: 1.0097 - return_output_loss: 0.3238 - return_output_mae: 0.4144 - val_direction_output_accuracy: 0.4868 - val_direction_output_loss: 0.7038 - val_loss: 0.8431 - val_return_output_loss: 0.1407 - val_return_output_mae: 0.2715
Epoch 8/100
94/94 - 3s - 27ms/step - direction_output_accuracy: 0.5521 - direction_output_loss: 0.6831 - loss: 1.0074 - return_output_loss: 0.3229 - return_output_mae: 0.4130 - val_direction_output_accuracy: 0.4844 - val_direction_output_loss: 0.7067 - val_loss: 0.8469 - val_return_output_loss: 0.1425 - val_return_output_mae: 0.2736
Epoch 9/100
94/94 - 2s - 20ms/step - direction_output_accuracy: 0.5616 - direction_output_loss: 0.6822 - loss: 1.0037 - return_output_loss: 0.3200 - return_output_mae: 0.4114 - val_direction_output_accuracy: 0.4976 - val_direction_output_loss: 0.7054 - val_loss: 0.8465 - val_return_output_loss: 0.1425 - val_return_output_mae: 0.2736
Epoch 10/100
94/94 - 3s - 27ms/step - direction_output_accuracy: 0.5675 - direction_output_loss: 0.6798 - loss: 1.0026 - return_output_loss: 0.3215 - return_output_mae: 0.4124 - val_direction_output_accuracy: 0.5036 - val_direction_output_loss: 0.7052 - val_loss: 0.8473 - val_return_output_loss: 0.1429 - val_return_output_mae: 0.2741
Epoch 11/100
94/94 - 3s - 29ms/step - direction_output_accuracy: 0.5668 - direction_output_loss: 0.6782 - loss: 0.9983 - return_output_loss: 0.3185 - return_output_mae: 0.4103 - val_direction_output_accuracy: 0.4964 - val_direction_output_loss: 0.7063 - val_loss: 0.8490 - val_return_output_loss: 0.1436 - val_return_output_mae: 0.2756
Epoch 12/100
94/94 - 2s - 20ms/step - direction_output_accuracy: 0.5693 - direction_output_loss: 0.6777 - loss: 0.9953 - return_output_loss: 0.3164 - return_output_mae: 0.4095 - val_direction_output_accuracy: 0.5000 - val_direction_output_loss: 0.7084 - val_loss: 0.8528 - val_return_output_loss: 0.1458 - val_return_output_mae: 0.2776
Epoch 12: early stopping
Restoring model weights from the end of the best epoch: 2.
2026/08/04 21:10:08 WARNING mlflow.models.model: `artifact_path` is deprecated. Please use `name` instead.
2026/08/04 21:10:08 WARNING mlflow.keras.save: You are saving a Keras model without specifying model signature.
Stopped after 12 epochs.

=== [with_macro] 11. Evaluation (held-out test) ===
[Return]    MSE=0.189610  MAE=0.308542  (percent units, comparable to GBM)
[Direction] Accuracy=0.5095  ROC-AUC=0.5067
[Multi-task check] Return-sign vs direction-head agreement: 0.6217 (shared signal present)
[Direction:TRAIN] Accuracy=0.5427  ROC-AUC=0.5625  (train-test ROC-AUC gap=+0.0558)
MLflow run logged: run_id=31e7463d86dc40acb427f14cf4c1ed85

=== [with_macro] 12. Persisting LSTM artifacts ===
Saved under models\with_macro/: lstm_multitask_eurusd.keras, lstm_time_steps.pkl

=== 12B. Next-Day Realized Volatility ensemble ===
[volatility] seed 42: trained + saved (test MAE=0.215935%)
[volatility] seed 43: trained + saved (test MAE=0.221700%)
[volatility] seed 44: trained + saved (test MAE=0.217745%)
[volatility] seed 45: trained + saved (test MAE=0.218986%)
[volatility] seed 46: trained + saved (test MAE=0.223956%)
[volatility] ONE-SHOT test report: ensemble MAE=0.219248% R2=0.1091  |  GARCH(1,1) MAE=0.232573% R2=0.0356  |  persistence MAE=0.292136% R2=-0.7797
[volatility] Saved under models\volatility/: volatility_lstm_seed42.keras, volatility_lstm_seed43.keras, volatility_lstm_seed44.keras, volatility_lstm_seed45.keras, volatility_lstm_seed46.keras, global_scaler.pkl, lag_scaler.pkl, lag_pca.pkl, lstm_time_steps.pkl, vol_metrics.json
MLflow run logged: run_id=420c58a99a404123b0f49392ee5e9783

=== 12C. H1 TI-LSTM (observational, torch-backend subprocess) ===
CUDA OK: NVIDIA GeForce RTX 4070 Laptop GPU (torch 2.11.0+cu128, backend=torch)
H1 cache refreshed from MT5.
Trained 2x64 for 13 epochs (seed 42, CUDA).
Saved under models\ti_lstm_h1/: ti_lstm_h1.keras, ti_scaler.pkl, ti_config.pkl, ti_metrics.json


=== 13. H1 -> Daily Predictor (XGBoost / RandomForest / SVM / LSTM) ===
H1 cache refreshed from MT5: 60000 bars.
H1 datasets: flat (2500, 11), seq (2500, 24, 5), days 2016-12-12 -> 2026-08-03
--- XGBoost [device=cuda] ---
--- RandomForest ---
--- SVM (RBF) ---
--- Sequence-to-Vector LSTM ---
Epoch 1/60
55/55 - 4s - 69ms/step - loss: 0.2231 - mae: 0.3606 - val_loss: 0.1419 - val_mae: 0.2862
Epoch 2/60
55/55 - 1s - 20ms/step - loss: 0.2167 - mae: 0.3565 - val_loss: 0.1416 - val_mae: 0.2859
Epoch 3/60
55/55 - 1s - 26ms/step - loss: 0.2149 - mae: 0.3550 - val_loss: 0.1421 - val_mae: 0.2870
Epoch 4/60
55/55 - 1s - 23ms/step - loss: 0.2127 - mae: 0.3537 - val_loss: 0.1418 - val_mae: 0.2867
Epoch 5/60
55/55 - 1s - 25ms/step - loss: 0.2099 - mae: 0.3523 - val_loss: 0.1418 - val_mae: 0.2865
Epoch 6/60
55/55 - 1s - 16ms/step - loss: 0.2109 - mae: 0.3532 - val_loss: 0.1412 - val_mae: 0.2856
Epoch 7/60
55/55 - 1s - 26ms/step - loss: 0.2108 - mae: 0.3520 - val_loss: 0.1407 - val_mae: 0.2850
Epoch 8/60
55/55 - 1s - 17ms/step - loss: 0.2115 - mae: 0.3528 - val_loss: 0.1406 - val_mae: 0.2846
Epoch 9/60
55/55 - 1s - 22ms/step - loss: 0.2084 - mae: 0.3503 - val_loss: 0.1402 - val_mae: 0.2846
Epoch 10/60
55/55 - 1s - 26ms/step - loss: 0.2118 - mae: 0.3528 - val_loss: 0.1410 - val_mae: 0.2850
Epoch 11/60
55/55 - 1s - 23ms/step - loss: 0.2087 - mae: 0.3512 - val_loss: 0.1405 - val_mae: 0.2851
Epoch 12/60
55/55 - 1s - 25ms/step - loss: 0.2068 - mae: 0.3493 - val_loss: 0.1406 - val_mae: 0.2852
Epoch 13/60
55/55 - 1s - 15ms/step - loss: 0.2072 - mae: 0.3500 - val_loss: 0.1405 - val_mae: 0.2848
Epoch 14/60
55/55 - 1s - 26ms/step - loss: 0.2062 - mae: 0.3480 - val_loss: 0.1403 - val_mae: 0.2846
Epoch 15/60
55/55 - 1s - 24ms/step - loss: 0.2064 - mae: 0.3492 - val_loss: 0.1398 - val_mae: 0.2841
Epoch 16/60
55/55 - 1s - 21ms/step - loss: 0.2082 - mae: 0.3516 - val_loss: 0.1401 - val_mae: 0.2841
Epoch 17/60
55/55 - 1s - 16ms/step - loss: 0.2050 - mae: 0.3472 - val_loss: 0.1397 - val_mae: 0.2837
Epoch 18/60
55/55 - 1s - 24ms/step - loss: 0.2071 - mae: 0.3494 - val_loss: 0.1402 - val_mae: 0.2843
Epoch 19/60
55/55 - 1s - 26ms/step - loss: 0.2059 - mae: 0.3480 - val_loss: 0.1406 - val_mae: 0.2852
Epoch 20/60
55/55 - 1s - 17ms/step - loss: 0.2058 - mae: 0.3485 - val_loss: 0.1410 - val_mae: 0.2859
Epoch 21/60
55/55 - 1s - 24ms/step - loss: 0.2064 - mae: 0.3489 - val_loss: 0.1404 - val_mae: 0.2850
Epoch 22/60
55/55 - 1s - 26ms/step - loss: 0.2038 - mae: 0.3461 - val_loss: 0.1407 - val_mae: 0.2853
Epoch 23/60
55/55 - 1s - 18ms/step - loss: 0.2039 - mae: 0.3462 - val_loss: 0.1410 - val_mae: 0.2859
Epoch 24/60
55/55 - 1s - 18ms/step - loss: 0.2024 - mae: 0.3439 - val_loss: 0.1409 - val_mae: 0.2860
Epoch 25/60
55/55 - 1s - 24ms/step - loss: 0.2031 - mae: 0.3456 - val_loss: 0.1410 - val_mae: 0.2863
2026/08/04 21:25:43 WARNING mlflow.models.model: `artifact_path` is deprecated. Please use `name` instead.
2026/08/04 21:25:44 WARNING mlflow.models.model: `artifact_path` is deprecated. Please use `name` instead.
2026/08/04 21:25:59 WARNING mlflow.utils.requirements_utils: Found torch version (2.11.0+cu128) contains a local version label (+cu128). MLflow logged a pip requirement for this package as 'torch==2.11.0' without the local version label to make it installable from PyPI. To specify pip requirements containing local version labels, please use `conda_env` or `pip_requirements`.
2026/08/04 21:25:59 WARNING mlflow.models.model: `artifact_path` is deprecated. Please use `name` instead.
2026/08/04 21:26:13 WARNING mlflow.utils.requirements_utils: Found torch version (2.11.0+cu128) contains a local version label (+cu128). MLflow logged a pip requirement for this package as 'torch==2.11.0' without the local version label to make it installable from PyPI. To specify pip requirements containing local version labels, please use `conda_env` or `pip_requirements`.
2026/08/04 21:26:13 WARNING mlflow.models.model: `artifact_path` is deprecated. Please use `name` instead.
2026/08/04 21:26:13 WARNING mlflow.keras.save: You are saving a Keras model without specifying model signature.

=== 14. H1 Evaluation (held-out test) ===
[H1:xgboost       ] MAE=0.3350%  directional ROC-AUC=0.5242
[H1:random_forest ] MAE=0.3412%  directional ROC-AUC=0.5152
[H1:svm_rbf       ] MAE=0.3373%  directional ROC-AUC=0.5001
[H1:lstm_seq2vec  ] MAE=0.3330%  directional ROC-AUC=0.5458
[mlflow] skipped logging 'h1_xgboost': The saved sklearn model references untrusted types. If you are sure loading these types is safe, set the 'skops_trusted_types' parameter when calling 'log_model' or 'save_model' to the list of trusted types. Root error: Untrusted types found in the file: ['xgboost.core.Booster', 'xgboost.sklearn.XGBRegressor'].
MLflow run logged: run_id=dea0a111d6c14aee91d8194d9247fa3c

=== 15. Persisting H1 -> Daily artifacts ===
Saved H1 artifacts: h1_xgb_regressor.pkl, h1_rf_regressor.pkl, h1_svm_regressor.pkl, h1_feature_scaler.pkl, h1_lstm_scaler.pkl, h1_lstm.keras, h1_feature_columns.pkl, h1_lstm_config.pkl

=== DONE ===
