XGBoost GPU (CUDA): available — tree training will run on RTX 4070.
=== 1. Loading historical OHLCV ===
Loaded 15,760 bars (1971-01-11 -> 2026-08-10)

=== 1B. Macro Feature Ingestion (FRED: yield / USD index / policy-rate / inflation differentials) ===
Merged macro features (per-feed source): {'yield_differential': 'FRED_api', 'usd_index': 'FRED_api', 'policy_rate_differential': 'FRED_api', 'inflation_differential': 'FRED_api', 'vix': 'FRED_api'}
Macro span: 1971-01-11 -> 2026-09-10  (17,510 observations, ['yield_differential', 'usd_index', 'policy_rate_differential', 'inflation_differential', 'vix'])

=== 2. Feature Engineering (Multi-Task targets, target_return in PERCENT) ===
Shape (shared row set for all variants): (8605, 33)
n=8605  LSTM-train [0:6023]  LSTM-val [6023:6884]  TEST [6884:8605]   (GBM-train = [0:6884])
WARNING: All log messages before absl::InitializeLog() is called are written to STDERR
I0000 00:00:1789098422.187620   51864 port.cc:153] oneDNN custom operations are on. You may see slightly different numerical results due to floating-point round-off errors from different computation orders. To turn them off, set the environment variable `TF_ENABLE_ONEDNN_OPTS=0`.
WARNING: All log messages before absl::InitializeLog() is called are written to STDERR
I0000 00:00:1789098428.834478   51864 port.cc:153] oneDNN custom operations are on. You may see slightly different numerical results due to floating-point round-off errors from different computation orders. To turn them off, set the environment variable `TF_ENABLE_ONEDNN_OPTS=0`.
WARNING:tensorflow:TensorFlow GPU support is not available on native Windows for TensorFlow >= 2.11. Even if CUDA/cuDNN are installed, GPU will not be used. Please use WSL2 or the TensorFlow-DirectML plugin.
TensorFlow: no GPU on native Windows (TF >=2.11 requires WSL2 for CUDA). Training on CPU.

##############################################################################
# VARIANT: baseline  (23 feature columns)
##############################################################################

=== [baseline] 3. PCA on Lag Features ===
Lag columns in: 6  ->  PCA components out: 6
Cumulative variance explained: 1.0000
Model input columns (23): ['open', 'high', 'low', 'close', 'log_return', 'SMA_21', 'SMA_50', 'SMA_100', 'SMA_200', 'volatility_20', 'bar_dynamics', 'day_sin', 'day_cos', 'month_sin', 'month_cos', 'ATR_14', 'BB_width', 'lag_pca_1', 'lag_pca_2', 'lag_pca_3', 'lag_pca_4', 'lag_pca_5', 'lag_pca_6']
Global scaler fit on [0:6884] (80%); transformed full matrix (8605, 23).

=== [baseline] 4. GBM Dual Pipeline: Chronological Split & Global Scaling ===
=== [baseline] 5. GBM Hyperparameter Tuning ===
--- Classification head (target_direction) [device=cuda] ---
Best params: {'learning_rate': 0.01, 'max_depth': 5, 'n_estimators': 200, 'subsample': 0.5}  CV ROC-AUC: 0.5292
--- Regression head (target_return [percent], pseudo-Huber) [device=cuda] ---
Best params: {'learning_rate': 0.01, 'max_depth': 3, 'n_estimators': 100, 'subsample': 0.5}  CV MAE: 0.386364 (percent)

=== [baseline] 6. GBM Evaluation (held-out test) ===
[Direction] Accuracy=0.5177  ROC-AUC=0.5282
[Return]    MSE=0.182292  MAE=0.301047  (percent units)

=== [baseline] Backtest: GBM direction signal vs realistic transaction costs ===
        scenario  cost_pips  n_days  n_trades  hit_rate  gross_return_pct_total  net_return_pct_total  gross_return_pct_per_trade  net_return_pct_per_trade
gross (no costs)        0.0    1721       621  0.517722               -6.881391             -6.881391                   -0.011081                 -0.011081
    1 pip spread        1.0    1721       621  0.517722               -6.881391            -12.526846                   -0.011081                 -0.020172
    2 pip spread        2.0    1721       621  0.517722               -6.881391            -18.172300                   -0.011081                 -0.029263
Saved: results/backtest_transaction_costs_baseline.csv
[Direction:TRAIN] Accuracy=0.7196  ROC-AUC=0.7999  (train-test ROC-AUC gap=+0.2718)
2026/09/11 06:49:54 WARNING mlflow.models.model: `artifact_path` is deprecated. Please use `name` instead.
[mlflow] skipped logging 'gbm_direction_classifier': The saved sklearn model references untrusted types. If you are sure loading these types is safe, set the 'skops_trusted_types' parameter when calling 'log_model' or 'save_model' to the list of trusted types. Root error: Untrusted types found in the file: ['xgboost.core.Booster', 'xgboost.sklearn.XGBClassifier'].
2026/09/11 06:50:08 WARNING mlflow.models.model: `artifact_path` is deprecated. Please use `name` instead.
[mlflow] skipped logging 'gbm_return_regressor': The saved sklearn model references untrusted types. If you are sure loading these types is safe, set the 'skops_trusted_types' parameter when calling 'log_model' or 'save_model' to the list of trusted types. Root error: Untrusted types found in the file: ['xgboost.core.Booster', 'xgboost.sklearn.XGBRegressor'].
MLflow run logged: run_id=9172897f712f447f8f239a6140db71aa

=== [baseline] 7. Persisting GBM + PCA + global scaler artifacts ===
Saved under models\baseline/: lag_scaler.pkl, lag_pca.pkl, global_scaler.pkl, best_gbm_eurusd.pkl, best_gbm_regressor_eurusd.pkl
Saved: results/gbm_feature_importance_baseline.csv
      feature  importance_direction_classifier  importance_return_regressor
        close                         0.048434                     0.043011
      day_sin                         0.047973                     0.041008
      SMA_200                         0.047921                     0.050591
          low                         0.046492                     0.049230
    lag_pca_4                         0.046358                     0.039249
volatility_20                         0.045653                     0.039587
 bar_dynamics                         0.045510                     0.043977
      SMA_100                         0.045008                     0.040798
   log_return                         0.044876                     0.039542
    lag_pca_1                         0.044641                     0.039965
         high                         0.044591                     0.040971
    lag_pca_3                         0.044299                     0.045020
     BB_width                         0.044026                     0.041739
       SMA_50                         0.043379                     0.052500
       ATR_14                         0.042455                     0.048452
    month_cos                         0.042169                     0.032130
    lag_pca_6                         0.042097                     0.045047
    lag_pca_2                         0.041713                     0.035566
       SMA_21                         0.041606                     0.057758
    month_sin                         0.040340                     0.038311
    lag_pca_5                         0.037680                     0.043903
         open                         0.036931                     0.055188
      day_cos                         0.035850                     0.036454

=== [baseline] 8. Multi-Task LSTM: Sliding-Window Data Preparation ===
Train seq: (6003, 20, 23)  Val seq: (841, 20, 23)  Test seq: (1701, 20, 23)

=== [baseline] 9. Multi-Task LSTM Model Construction (Functional API) ===
Model: "multitask_lstm_eurusd_baseline"
┌─────────────────────┬───────────────────┬────────────┬───────────────────┐
│ Layer (type)        │ Output Shape      │    Param # │ Connected to      │
├─────────────────────┼───────────────────┼────────────┼───────────────────┤
│ ohlcv_window        │ (None, 20, 23)    │          0 │ -                 │
│ (InputLayer)        │                   │            │                   │
├─────────────────────┼───────────────────┼────────────┼───────────────────┤
│ shared_lstm_trunk   │ (None, 64)        │     22,528 │ ohlcv_window[0][… │
│ (LSTM)              │                   │            │                   │
├─────────────────────┼───────────────────┼────────────┼───────────────────┤
│ shared_dropout      │ (None, 64)        │          0 │ shared_lstm_trun… │
│ (Dropout)           │                   │            │                   │
├─────────────────────┼───────────────────┼────────────┼───────────────────┤
│ return_output       │ (None, 1)         │         65 │ shared_dropout[0… │
│ (Dense)             │                   │            │                   │
├─────────────────────┼───────────────────┼────────────┼───────────────────┤
│ direction_output    │ (None, 1)         │         65 │ shared_dropout[0… │
│ (Dense)             │                   │            │                   │
└─────────────────────┴───────────────────┴────────────┴───────────────────┘
 Total params: 22,658 (88.51 KB)
 Trainable params: 22,658 (88.51 KB)
 Non-trainable params: 0 (0.00 B)

=== [baseline] 10. Training (early-stopping on the 70-80% validation block) ===
Epoch 1/100
C:\Users\test\Desktop\eurusdprophet\.venv\Lib\site-packages\keras\src\backend\torch\rnn.py:651: UserWarning: RNN module weights are not part of single contiguous chunk of memory. This means they need to be compacted at every call, possibly greatly increasing memory usage. To compact weights again call flatten_parameters(). (Triggered internally at C:\actions-runner\_work\pytorch\pytorch\pytorch\aten\src\ATen\native\cudnn\RNN.cpp:1479.)
  outputs, (h_n, c_n) = torch._VF.lstm(
94/94 - 7s - 76ms/step - direction_output_accuracy: 0.4969 - direction_output_loss: 0.7026 - loss: 1.0801 - return_output_loss: 0.3774 - return_output_mae: 0.4547 - val_direction_output_accuracy: 0.4697 - val_direction_output_loss: 0.7003 - val_loss: 0.8422 - val_return_output_loss: 0.1419 - val_return_output_mae: 0.2714
Epoch 2/100
94/94 - 7s - 70ms/step - direction_output_accuracy: 0.5182 - direction_output_loss: 0.6947 - loss: 1.0430 - return_output_loss: 0.3483 - return_output_mae: 0.4321 - val_direction_output_accuracy: 0.4614 - val_direction_output_loss: 0.7046 - val_loss: 0.8443 - val_return_output_loss: 0.1397 - val_return_output_mae: 0.2687
Epoch 3/100
94/94 - 7s - 70ms/step - direction_output_accuracy: 0.5291 - direction_output_loss: 0.6910 - loss: 1.0358 - return_output_loss: 0.3448 - return_output_mae: 0.4270 - val_direction_output_accuracy: 0.4958 - val_direction_output_loss: 0.6954 - val_loss: 0.8350 - val_return_output_loss: 0.1396 - val_return_output_mae: 0.2688
Epoch 4/100
94/94 - 7s - 69ms/step - direction_output_accuracy: 0.5264 - direction_output_loss: 0.6922 - loss: 1.0297 - return_output_loss: 0.3375 - return_output_mae: 0.4218 - val_direction_output_accuracy: 0.4578 - val_direction_output_loss: 0.6996 - val_loss: 0.8387 - val_return_output_loss: 0.1391 - val_return_output_mae: 0.2685
Epoch 5/100
94/94 - 7s - 72ms/step - direction_output_accuracy: 0.5377 - direction_output_loss: 0.6892 - loss: 1.0267 - return_output_loss: 0.3375 - return_output_mae: 0.4199 - val_direction_output_accuracy: 0.4590 - val_direction_output_loss: 0.7006 - val_loss: 0.8438 - val_return_output_loss: 0.1432 - val_return_output_mae: 0.2745
Epoch 6/100
94/94 - 6s - 67ms/step - direction_output_accuracy: 0.5357 - direction_output_loss: 0.6884 - loss: 1.0191 - return_output_loss: 0.3307 - return_output_mae: 0.4168 - val_direction_output_accuracy: 0.4673 - val_direction_output_loss: 0.7015 - val_loss: 0.8446 - val_return_output_loss: 0.1430 - val_return_output_mae: 0.2740
Epoch 7/100
94/94 - 6s - 68ms/step - direction_output_accuracy: 0.5397 - direction_output_loss: 0.6884 - loss: 1.0205 - return_output_loss: 0.3321 - return_output_mae: 0.4177 - val_direction_output_accuracy: 0.4816 - val_direction_output_loss: 0.6987 - val_loss: 0.8400 - val_return_output_loss: 0.1413 - val_return_output_mae: 0.2714
Epoch 8/100
94/94 - 7s - 69ms/step - direction_output_accuracy: 0.5396 - direction_output_loss: 0.6874 - loss: 1.0155 - return_output_loss: 0.3282 - return_output_mae: 0.4157 - val_direction_output_accuracy: 0.4780 - val_direction_output_loss: 0.6980 - val_loss: 0.8395 - val_return_output_loss: 0.1414 - val_return_output_mae: 0.2718
Epoch 9/100
94/94 - 6s - 67ms/step - direction_output_accuracy: 0.5424 - direction_output_loss: 0.6856 - loss: 1.0136 - return_output_loss: 0.3281 - return_output_mae: 0.4136 - val_direction_output_accuracy: 0.4816 - val_direction_output_loss: 0.6994 - val_loss: 0.8424 - val_return_output_loss: 0.1430 - val_return_output_mae: 0.2740
Epoch 10/100
94/94 - 7s - 69ms/step - direction_output_accuracy: 0.5509 - direction_output_loss: 0.6846 - loss: 1.0116 - return_output_loss: 0.3270 - return_output_mae: 0.4143 - val_direction_output_accuracy: 0.4721 - val_direction_output_loss: 0.7007 - val_loss: 0.8430 - val_return_output_loss: 0.1423 - val_return_output_mae: 0.2724
Epoch 11/100
94/94 - 7s - 72ms/step - direction_output_accuracy: 0.5584 - direction_output_loss: 0.6830 - loss: 1.0086 - return_output_loss: 0.3256 - return_output_mae: 0.4126 - val_direction_output_accuracy: 0.4804 - val_direction_output_loss: 0.6991 - val_loss: 0.8437 - val_return_output_loss: 0.1446 - val_return_output_mae: 0.2759
Epoch 12/100
94/94 - 6s - 68ms/step - direction_output_accuracy: 0.5577 - direction_output_loss: 0.6827 - loss: 1.0081 - return_output_loss: 0.3254 - return_output_mae: 0.4122 - val_direction_output_accuracy: 0.4899 - val_direction_output_loss: 0.6992 - val_loss: 0.8430 - val_return_output_loss: 0.1438 - val_return_output_mae: 0.2744
Epoch 13/100
94/94 - 7s - 70ms/step - direction_output_accuracy: 0.5607 - direction_output_loss: 0.6806 - loss: 1.0015 - return_output_loss: 0.3209 - return_output_mae: 0.4105 - val_direction_output_accuracy: 0.4887 - val_direction_output_loss: 0.7012 - val_loss: 0.8466 - val_return_output_loss: 0.1453 - val_return_output_mae: 0.2773
Epoch 13: early stopping
Restoring model weights from the end of the best epoch: 3.
Stopped after 13 epochs.

=== [baseline] 11. Evaluation (held-out test) ===
[Return]    MSE=0.185544  MAE=0.306543  (percent units, comparable to GBM)
[Direction] Accuracy=0.5032  ROC-AUC=0.5138
[Multi-task check] Return-sign vs direction-head agreement: 0.6743 (shared signal present)
C:\Users\test\Desktop\eurusdprophet\.venv\Lib\site-packages\keras\src\backend\torch\rnn.py:651: UserWarning: RNN module weights are not part of single contiguous chunk of memory. This means they need to be compacted at every call, possibly greatly increasing memory usage. To compact weights again call flatten_parameters(). (Triggered internally at C:\actions-runner\_work\pytorch\pytorch\pytorch\aten\src\ATen\native\cudnn\RNN.cpp:1479.)
  outputs, (h_n, c_n) = torch._VF.lstm(
[Direction:TRAIN] Accuracy=0.5282  ROC-AUC=0.5513  (train-test ROC-AUC gap=+0.0375)
2026/09/11 06:51:40 WARNING mlflow.models.model: `artifact_path` is deprecated. Please use `name` instead.
2026/09/11 06:51:40 WARNING mlflow.keras.save: You are saving a Keras model without specifying model signature.
2026/09/11 06:52:00 WARNING mlflow.utils.requirements_utils: Found torch version (2.11.0+cu128) contains a local version label (+cu128). MLflow logged a pip requirement for this package as 'torch==2.11.0' without the local version label to make it installable from PyPI. To specify pip requirements containing local version labels, please use `conda_env` or `pip_requirements`.
MLflow run logged: run_id=2f3767cc4512499e9f0c3fe44dbbd29e

=== [baseline] 12. Persisting LSTM artifacts ===
Saved under models\baseline/: lstm_multitask_eurusd.keras, lstm_time_steps.pkl

##############################################################################
# VARIANT: with_macro  (27 feature columns)
##############################################################################

=== [with_macro] 3. PCA on Lag Features ===
Lag columns in: 6  ->  PCA components out: 6
Cumulative variance explained: 1.0000
Model input columns (27): ['open', 'high', 'low', 'close', 'log_return', 'SMA_21', 'SMA_50', 'SMA_100', 'SMA_200', 'volatility_20', 'bar_dynamics', 'day_sin', 'day_cos', 'month_sin', 'month_cos', 'ATR_14', 'BB_width', 'yield_differential_delta', 'usd_index_return', 'policy_rate_differential', 'inflation_differential', 'lag_pca_1', 'lag_pca_2', 'lag_pca_3', 'lag_pca_4', 'lag_pca_5', 'lag_pca_6']
Global scaler fit on [0:6884] (80%); transformed full matrix (8605, 27).

=== [with_macro] 4. GBM Dual Pipeline: Chronological Split & Global Scaling ===
=== [with_macro] 5. GBM Hyperparameter Tuning ===
--- Classification head (target_direction) [device=cuda] ---
Best params: {'learning_rate': 0.01, 'max_depth': 3, 'n_estimators': 100, 'subsample': 1.0}  CV ROC-AUC: 0.5294
--- Regression head (target_return [percent], pseudo-Huber) [device=cuda] ---
Best params: {'learning_rate': 0.01, 'max_depth': 3, 'n_estimators': 100, 'subsample': 0.5}  CV MAE: 0.385476 (percent)

=== [with_macro] 6. GBM Evaluation (held-out test) ===
[Direction] Accuracy=0.5073  ROC-AUC=0.5327
[Return]    MSE=0.182221  MAE=0.300927  (percent units)

=== [with_macro] Backtest: GBM direction signal vs realistic transaction costs ===
        scenario  cost_pips  n_days  n_trades  hit_rate  gross_return_pct_total  net_return_pct_total  gross_return_pct_per_trade  net_return_pct_per_trade
gross (no costs)        0.0    1721       441  0.507263               26.300929             26.300929                    0.059639                  0.059639
    1 pip spread        1.0    1721       441  0.507263               26.300929             22.291838                    0.059639                  0.050548
    2 pip spread        2.0    1721       441  0.507263               26.300929             18.282747                    0.059639                  0.041457
Saved: results/backtest_transaction_costs_with_macro.csv
[Direction:TRAIN] Accuracy=0.5859  ROC-AUC=0.6095  (train-test ROC-AUC gap=+0.0768)
2026/09/11 06:55:00 WARNING mlflow.models.model: `artifact_path` is deprecated. Please use `name` instead.
[mlflow] skipped logging 'gbm_direction_classifier': The saved sklearn model references untrusted types. If you are sure loading these types is safe, set the 'skops_trusted_types' parameter when calling 'log_model' or 'save_model' to the list of trusted types. Root error: Untrusted types found in the file: ['xgboost.core.Booster', 'xgboost.sklearn.XGBClassifier'].
2026/09/11 06:55:00 WARNING mlflow.models.model: `artifact_path` is deprecated. Please use `name` instead.
[mlflow] skipped logging 'gbm_return_regressor': The saved sklearn model references untrusted types. If you are sure loading these types is safe, set the 'skops_trusted_types' parameter when calling 'log_model' or 'save_model' to the list of trusted types. Root error: Untrusted types found in the file: ['xgboost.core.Booster', 'xgboost.sklearn.XGBRegressor'].
MLflow run logged: run_id=5f3cb49002a142f386bac8f5b45252b6

=== [with_macro] 7. Persisting GBM + PCA + global scaler artifacts ===
Saved under models\with_macro/: lag_scaler.pkl, lag_pca.pkl, global_scaler.pkl, best_gbm_eurusd.pkl, best_gbm_regressor_eurusd.pkl
Saved: results/gbm_feature_importance_with_macro.csv
                 feature  importance_direction_classifier  importance_return_regressor
                BB_width                         0.070907                     0.034815
                 day_sin                         0.059631                     0.040257
            bar_dynamics                         0.053795                     0.034533
  inflation_differential                         0.048805                     0.032175
                  SMA_21                         0.046270                     0.034353
               lag_pca_4                         0.044536                     0.037687
        usd_index_return                         0.043131                     0.031366
              log_return                         0.039289                     0.038674
                   close                         0.039209                     0.041988
policy_rate_differential                         0.039097                     0.035633
yield_differential_delta                         0.038057                     0.037152
               lag_pca_3                         0.037979                     0.037622
                  ATR_14                         0.037003                     0.039692
           volatility_20                         0.036834                     0.032867
               lag_pca_5                         0.035912                     0.038884
               month_sin                         0.035485                     0.029103
                 SMA_100                         0.035270                     0.037631
               lag_pca_6                         0.035098                     0.039196
               month_cos                         0.035022                     0.031195
               lag_pca_2                         0.032866                     0.030687
                     low                         0.031994                     0.050946
                 SMA_200                         0.031853                     0.044452
               lag_pca_1                         0.031374                     0.035580
                    high                         0.030818                     0.035559
                  SMA_50                         0.029763                     0.044704
                    open                         0.000000                     0.046812
                 day_cos                         0.000000                     0.026435

=== [with_macro] 8. Multi-Task LSTM: Sliding-Window Data Preparation ===
Train seq: (6003, 20, 27)  Val seq: (841, 20, 27)  Test seq: (1701, 20, 27)

=== [with_macro] 9. Multi-Task LSTM Model Construction (Functional API) ===
Model: "multitask_lstm_eurusd_with_macro"
┌─────────────────────┬───────────────────┬────────────┬───────────────────┐
│ Layer (type)        │ Output Shape      │    Param # │ Connected to      │
├─────────────────────┼───────────────────┼────────────┼───────────────────┤
│ ohlcv_window        │ (None, 20, 27)    │          0 │ -                 │
│ (InputLayer)        │                   │            │                   │
├─────────────────────┼───────────────────┼────────────┼───────────────────┤
│ shared_lstm_trunk   │ (None, 64)        │     23,552 │ ohlcv_window[0][… │
│ (LSTM)              │                   │            │                   │
├─────────────────────┼───────────────────┼────────────┼───────────────────┤
│ shared_dropout      │ (None, 64)        │          0 │ shared_lstm_trun… │
│ (Dropout)           │                   │            │                   │
├─────────────────────┼───────────────────┼────────────┼───────────────────┤
│ return_output       │ (None, 1)         │         65 │ shared_dropout[0… │
│ (Dense)             │                   │            │                   │
├─────────────────────┼───────────────────┼────────────┼───────────────────┤
│ direction_output    │ (None, 1)         │         65 │ shared_dropout[0… │
│ (Dense)             │                   │            │                   │
└─────────────────────┴───────────────────┴────────────┴───────────────────┘
 Total params: 23,682 (92.51 KB)
 Trainable params: 23,682 (92.51 KB)
 Non-trainable params: 0 (0.00 B)

=== [with_macro] 10. Training (early-stopping on the 70-80% validation block) ===
Epoch 1/100
C:\Users\test\Desktop\eurusdprophet\.venv\Lib\site-packages\keras\src\backend\torch\rnn.py:651: UserWarning: RNN module weights are not part of single contiguous chunk of memory. This means they need to be compacted at every call, possibly greatly increasing memory usage. To compact weights again call flatten_parameters(). (Triggered internally at C:\actions-runner\_work\pytorch\pytorch\pytorch\aten\src\ATen\native\cudnn\RNN.cpp:1479.)
  outputs, (h_n, c_n) = torch._VF.lstm(
94/94 - 6s - 65ms/step - direction_output_accuracy: 0.5141 - direction_output_loss: 0.6994 - loss: 1.0836 - return_output_loss: 0.3842 - return_output_mae: 0.4597 - val_direction_output_accuracy: 0.5113 - val_direction_output_loss: 0.6945 - val_loss: 0.8464 - val_return_output_loss: 0.1519 - val_return_output_mae: 0.2850
Epoch 2/100
94/94 - 6s - 68ms/step - direction_output_accuracy: 0.5262 - direction_output_loss: 0.6928 - loss: 1.0419 - return_output_loss: 0.3491 - return_output_mae: 0.4317 - val_direction_output_accuracy: 0.4804 - val_direction_output_loss: 0.6982 - val_loss: 0.8448 - val_return_output_loss: 0.1465 - val_return_output_mae: 0.2803
Epoch 3/100
94/94 - 7s - 70ms/step - direction_output_accuracy: 0.5229 - direction_output_loss: 0.6913 - loss: 1.0313 - return_output_loss: 0.3400 - return_output_mae: 0.4263 - val_direction_output_accuracy: 0.4875 - val_direction_output_loss: 0.6962 - val_loss: 0.8408 - val_return_output_loss: 0.1445 - val_return_output_mae: 0.2772
Epoch 4/100
94/94 - 6s - 66ms/step - direction_output_accuracy: 0.5282 - direction_output_loss: 0.6893 - loss: 1.0265 - return_output_loss: 0.3372 - return_output_mae: 0.4226 - val_direction_output_accuracy: 0.4839 - val_direction_output_loss: 0.6969 - val_loss: 0.8405 - val_return_output_loss: 0.1435 - val_return_output_mae: 0.2733
Epoch 5/100
94/94 - 6s - 66ms/step - direction_output_accuracy: 0.5357 - direction_output_loss: 0.6887 - loss: 1.0224 - return_output_loss: 0.3337 - return_output_mae: 0.4199 - val_direction_output_accuracy: 0.5077 - val_direction_output_loss: 0.6961 - val_loss: 0.8397 - val_return_output_loss: 0.1437 - val_return_output_mae: 0.2740
Epoch 6/100
94/94 - 6s - 66ms/step - direction_output_accuracy: 0.5391 - direction_output_loss: 0.6881 - loss: 1.0217 - return_output_loss: 0.3335 - return_output_mae: 0.4187 - val_direction_output_accuracy: 0.4792 - val_direction_output_loss: 0.6987 - val_loss: 0.8398 - val_return_output_loss: 0.1412 - val_return_output_mae: 0.2724
Epoch 7/100
94/94 - 6s - 66ms/step - direction_output_accuracy: 0.5474 - direction_output_loss: 0.6872 - loss: 1.0144 - return_output_loss: 0.3272 - return_output_mae: 0.4146 - val_direction_output_accuracy: 0.4792 - val_direction_output_loss: 0.7000 - val_loss: 0.8420 - val_return_output_loss: 0.1420 - val_return_output_mae: 0.2718
Epoch 8/100
94/94 - 6s - 67ms/step - direction_output_accuracy: 0.5476 - direction_output_loss: 0.6852 - loss: 1.0124 - return_output_loss: 0.3272 - return_output_mae: 0.4141 - val_direction_output_accuracy: 0.4816 - val_direction_output_loss: 0.6986 - val_loss: 0.8399 - val_return_output_loss: 0.1413 - val_return_output_mae: 0.2735
Epoch 9/100
94/94 - 7s - 70ms/step - direction_output_accuracy: 0.5462 - direction_output_loss: 0.6858 - loss: 1.0096 - return_output_loss: 0.3238 - return_output_mae: 0.4138 - val_direction_output_accuracy: 0.4923 - val_direction_output_loss: 0.6973 - val_loss: 0.8407 - val_return_output_loss: 0.1434 - val_return_output_mae: 0.2760
Epoch 10/100
94/94 - 7s - 73ms/step - direction_output_accuracy: 0.5619 - direction_output_loss: 0.6824 - loss: 1.0027 - return_output_loss: 0.3203 - return_output_mae: 0.4105 - val_direction_output_accuracy: 0.4958 - val_direction_output_loss: 0.6960 - val_loss: 0.8402 - val_return_output_loss: 0.1442 - val_return_output_mae: 0.2747
Epoch 11/100
94/94 - 6s - 68ms/step - direction_output_accuracy: 0.5534 - direction_output_loss: 0.6818 - loss: 1.0036 - return_output_loss: 0.3218 - return_output_mae: 0.4118 - val_direction_output_accuracy: 0.4828 - val_direction_output_loss: 0.7024 - val_loss: 0.8465 - val_return_output_loss: 0.1440 - val_return_output_mae: 0.2752
Epoch 12/100
94/94 - 7s - 72ms/step - direction_output_accuracy: 0.5514 - direction_output_loss: 0.6808 - loss: 1.0004 - return_output_loss: 0.3196 - return_output_mae: 0.4095 - val_direction_output_accuracy: 0.4828 - val_direction_output_loss: 0.7015 - val_loss: 0.8452 - val_return_output_loss: 0.1437 - val_return_output_mae: 0.2752
Epoch 13/100
94/94 - 6s - 69ms/step - direction_output_accuracy: 0.5679 - direction_output_loss: 0.6782 - loss: 0.9977 - return_output_loss: 0.3194 - return_output_mae: 0.4105 - val_direction_output_accuracy: 0.4602 - val_direction_output_loss: 0.7094 - val_loss: 0.8541 - val_return_output_loss: 0.1447 - val_return_output_mae: 0.2764
Epoch 14/100
94/94 - 6s - 69ms/step - direction_output_accuracy: 0.5641 - direction_output_loss: 0.6781 - loss: 0.9929 - return_output_loss: 0.3148 - return_output_mae: 0.4077 - val_direction_output_accuracy: 0.5065 - val_direction_output_loss: 0.6975 - val_loss: 0.8449 - val_return_output_loss: 0.1473 - val_return_output_mae: 0.2791
Epoch 15/100
94/94 - 6s - 66ms/step - direction_output_accuracy: 0.5644 - direction_output_loss: 0.6760 - loss: 0.9845 - return_output_loss: 0.3086 - return_output_mae: 0.4060 - val_direction_output_accuracy: 0.4732 - val_direction_output_loss: 0.7002 - val_loss: 0.8502 - val_return_output_loss: 0.1501 - val_return_output_mae: 0.2817
Epoch 15: early stopping
Restoring model weights from the end of the best epoch: 5.
Stopped after 15 epochs.

=== [with_macro] 11. Evaluation (held-out test) ===
[Return]    MSE=0.189606  MAE=0.312974  (percent units, comparable to GBM)
[Direction] Accuracy=0.5073  ROC-AUC=0.5213
[Multi-task check] Return-sign vs direction-head agreement: 0.7108 (shared signal present)
C:\Users\test\Desktop\eurusdprophet\.venv\Lib\site-packages\keras\src\backend\torch\rnn.py:651: UserWarning: RNN module weights are not part of single contiguous chunk of memory. This means they need to be compacted at every call, possibly greatly increasing memory usage. To compact weights again call flatten_parameters(). (Triggered internally at C:\actions-runner\_work\pytorch\pytorch\pytorch\aten\src\ATen\native\cudnn\RNN.cpp:1479.)
  outputs, (h_n, c_n) = torch._VF.lstm(
[Direction:TRAIN] Accuracy=0.5489  ROC-AUC=0.5750  (train-test ROC-AUC gap=+0.0536)
2026/09/11 06:56:42 WARNING mlflow.models.model: `artifact_path` is deprecated. Please use `name` instead.
2026/09/11 06:56:42 WARNING mlflow.keras.save: You are saving a Keras model without specifying model signature.
2026/09/11 06:56:53 WARNING mlflow.utils.requirements_utils: Found torch version (2.11.0+cu128) contains a local version label (+cu128). MLflow logged a pip requirement for this package as 'torch==2.11.0' without the local version label to make it installable from PyPI. To specify pip requirements containing local version labels, please use `conda_env` or `pip_requirements`.
MLflow run logged: run_id=26d06b23f71c4e6eafc551afdcfac3d7

=== [with_macro] 12. Persisting LSTM artifacts ===
Saved under models\with_macro/: lstm_multitask_eurusd.keras, lstm_time_steps.pkl

=== 12B. Next-Day Realized Volatility ensemble ===
C:\Users\test\Desktop\eurusdprophet\.venv\Lib\site-packages\keras\src\backend\torch\rnn.py:651: UserWarning: RNN module weights are not part of single contiguous chunk of memory. This means they need to be compacted at every call, possibly greatly increasing memory usage. To compact weights again call flatten_parameters(). (Triggered internally at C:\actions-runner\_work\pytorch\pytorch\pytorch\aten\src\ATen\native\cudnn\RNN.cpp:1479.)
  outputs, (h_n, c_n) = torch._VF.lstm(
[volatility] seed 42: trained + saved (test MAE=0.217332%)
C:\Users\test\Desktop\eurusdprophet\.venv\Lib\site-packages\keras\src\backend\torch\rnn.py:651: UserWarning: RNN module weights are not part of single contiguous chunk of memory. This means they need to be compacted at every call, possibly greatly increasing memory usage. To compact weights again call flatten_parameters(). (Triggered internally at C:\actions-runner\_work\pytorch\pytorch\pytorch\aten\src\ATen\native\cudnn\RNN.cpp:1479.)
  outputs, (h_n, c_n) = torch._VF.lstm(
[volatility] seed 43: trained + saved (test MAE=0.212472%)
C:\Users\test\Desktop\eurusdprophet\.venv\Lib\site-packages\keras\src\backend\torch\rnn.py:651: UserWarning: RNN module weights are not part of single contiguous chunk of memory. This means they need to be compacted at every call, possibly greatly increasing memory usage. To compact weights again call flatten_parameters(). (Triggered internally at C:\actions-runner\_work\pytorch\pytorch\pytorch\aten\src\ATen\native\cudnn\RNN.cpp:1479.)
  outputs, (h_n, c_n) = torch._VF.lstm(
[volatility] seed 44: trained + saved (test MAE=0.218706%)
C:\Users\test\Desktop\eurusdprophet\.venv\Lib\site-packages\keras\src\backend\torch\rnn.py:651: UserWarning: RNN module weights are not part of single contiguous chunk of memory. This means they need to be compacted at every call, possibly greatly increasing memory usage. To compact weights again call flatten_parameters(). (Triggered internally at C:\actions-runner\_work\pytorch\pytorch\pytorch\aten\src\ATen\native\cudnn\RNN.cpp:1479.)
  outputs, (h_n, c_n) = torch._VF.lstm(
[volatility] seed 45: trained + saved (test MAE=0.215648%)
C:\Users\test\Desktop\eurusdprophet\.venv\Lib\site-packages\keras\src\backend\torch\rnn.py:651: UserWarning: RNN module weights are not part of single contiguous chunk of memory. This means they need to be compacted at every call, possibly greatly increasing memory usage. To compact weights again call flatten_parameters(). (Triggered internally at C:\actions-runner\_work\pytorch\pytorch\pytorch\aten\src\ATen\native\cudnn\RNN.cpp:1479.)
  outputs, (h_n, c_n) = torch._VF.lstm(
[volatility] seed 46: trained + saved (test MAE=0.213644%)
[volatility] ONE-SHOT test report: ensemble MAE=0.214985% R2=0.1143  |  GARCH(1,1) MAE=0.231172% R2=0.0375  |  persistence MAE=0.28942% R2=-0.7696
[volatility] Saved under models\volatility/: volatility_lstm_seed42.keras, volatility_lstm_seed43.keras, volatility_lstm_seed44.keras, volatility_lstm_seed45.keras, volatility_lstm_seed46.keras, global_scaler.pkl, lag_scaler.pkl, lag_pca.pkl, lstm_time_steps.pkl, vol_metrics.json
MLflow run logged: run_id=e9a01094d8c1466a9d0c1f783f44a3ca

=== 12C. H1 TI-LSTM (observational, torch-backend subprocess) ===
CUDA OK: NVIDIA GeForce RTX 4070 Laptop GPU (torch 2.11.0+cu128, backend=torch)
H1 cache refreshed from MT5.
Trained 2x64 for 12 epochs (seed 42, CUDA).
Saved under models\ti_lstm_h1/: ti_lstm_h1.keras, ti_scaler.pkl, ti_config.pkl, ti_metrics.json


=== 13. H1 -> Daily Predictor (XGBoost / RandomForest / SVM / LSTM) ===
H1 cache refreshed from MT5: 60000 bars.
H1 datasets: flat (2499, 11), seq (2499, 24, 5), days 2017-01-20 -> 2026-09-09
--- XGBoost [device=cuda] ---
--- RandomForest ---
--- SVM (RBF) ---
--- Sequence-to-Vector LSTM ---
Epoch 1/60
C:\Users\test\Desktop\eurusdprophet\.venv\Lib\site-packages\keras\src\backend\torch\rnn.py:651: UserWarning: RNN module weights are not part of single contiguous chunk of memory. This means they need to be compacted at every call, possibly greatly increasing memory usage. To compact weights again call flatten_parameters(). (Triggered internally at C:\actions-runner\_work\pytorch\pytorch\pytorch\aten\src\ATen\native\cudnn\RNN.cpp:1479.)
  outputs, (h_n, c_n) = torch._VF.lstm(
55/55 - 3s - 59ms/step - loss: 0.2214 - mae: 0.3642 - val_loss: 0.1353 - val_mae: 0.2816
Epoch 2/60
55/55 - 3s - 61ms/step - loss: 0.2131 - mae: 0.3551 - val_loss: 0.1365 - val_mae: 0.2824
Epoch 3/60
55/55 - 4s - 64ms/step - loss: 0.2128 - mae: 0.3552 - val_loss: 0.1366 - val_mae: 0.2823
Epoch 4/60
55/55 - 4s - 67ms/step - loss: 0.2116 - mae: 0.3547 - val_loss: 0.1357 - val_mae: 0.2814
Epoch 5/60
55/55 - 3s - 61ms/step - loss: 0.2097 - mae: 0.3514 - val_loss: 0.1362 - val_mae: 0.2823
Epoch 6/60
55/55 - 3s - 59ms/step - loss: 0.2114 - mae: 0.3545 - val_loss: 0.1421 - val_mae: 0.2874
Epoch 7/60
55/55 - 3s - 61ms/step - loss: 0.2106 - mae: 0.3523 - val_loss: 0.1363 - val_mae: 0.2818
Epoch 8/60
55/55 - 3s - 60ms/step - loss: 0.2099 - mae: 0.3502 - val_loss: 0.1361 - val_mae: 0.2818
Epoch 9/60
55/55 - 4s - 72ms/step - loss: 0.2073 - mae: 0.3501 - val_loss: 0.1359 - val_mae: 0.2816

=== 14. H1 Evaluation (held-out test) ===
[H1:xgboost       ] MAE=0.3280%  directional ROC-AUC=0.5225
[H1:random_forest ] MAE=0.3348%  directional ROC-AUC=0.5179
[H1:svm_rbf       ] MAE=0.3316%  directional ROC-AUC=0.4975
[H1:lstm_seq2vec  ] MAE=0.3260%  directional ROC-AUC=0.5468
2026/09/11 07:12:23 WARNING mlflow.models.model: `artifact_path` is deprecated. Please use `name` instead.
[mlflow] skipped logging 'h1_xgboost': The saved sklearn model references untrusted types. If you are sure loading these types is safe, set the 'skops_trusted_types' parameter when calling 'log_model' or 'save_model' to the list of trusted types. Root error: Untrusted types found in the file: ['xgboost.core.Booster', 'xgboost.sklearn.XGBRegressor'].
2026/09/11 07:12:23 WARNING mlflow.models.model: `artifact_path` is deprecated. Please use `name` instead.
2026/09/11 07:12:39 WARNING mlflow.utils.requirements_utils: Found torch version (2.11.0+cu128) contains a local version label (+cu128). MLflow logged a pip requirement for this package as 'torch==2.11.0' without the local version label to make it installable from PyPI. To specify pip requirements containing local version labels, please use `conda_env` or `pip_requirements`.
2026/09/11 07:12:39 WARNING mlflow.models.model: `artifact_path` is deprecated. Please use `name` instead.
2026/09/11 07:12:52 WARNING mlflow.utils.requirements_utils: Found torch version (2.11.0+cu128) contains a local version label (+cu128). MLflow logged a pip requirement for this package as 'torch==2.11.0' without the local version label to make it installable from PyPI. To specify pip requirements containing local version labels, please use `conda_env` or `pip_requirements`.
2026/09/11 07:12:52 WARNING mlflow.models.model: `artifact_path` is deprecated. Please use `name` instead.
2026/09/11 07:12:52 WARNING mlflow.keras.save: You are saving a Keras model without specifying model signature.
2026/09/11 07:13:06 WARNING mlflow.utils.requirements_utils: Found torch version (2.11.0+cu128) contains a local version label (+cu128). MLflow logged a pip requirement for this package as 'torch==2.11.0' without the local version label to make it installable from PyPI. To specify pip requirements containing local version labels, please use `conda_env` or `pip_requirements`.
MLflow run logged: run_id=d7312aec4cdd4c5792870c0cc555b7fb

=== 15. Persisting H1 -> Daily artifacts ===
Saved H1 artifacts: h1_xgb_regressor.pkl, h1_rf_regressor.pkl, h1_svm_regressor.pkl, h1_feature_scaler.pkl, h1_lstm_scaler.pkl, h1_lstm.keras, h1_feature_columns.pkl, h1_lstm_config.pkl

=== DONE ===

=== RETRAIN EXIT rc=0 elapsed=1639.7s at=2026-09-11 07:13:14 ===
